// Vitest Snapshot v1, https://vitest.dev/guide/snapshot.html

exports[`OModal tests > render correctly 1`] = `
"<!--teleport start-->
<transition-stub name="zoom-out" appear="false" persisted="true" css="true">
  <div data-oruga="modal" class="o-modal" tabindex="-1" role="dialog" aria-modal="false" style="display: none;">
    <div class="o-modal__overlay" tabindex="-1"></div>
    <div class="o-modal__content" style="max-width: 960px;">
      <!-- injected component for programmatic usage -->
      <!--
                        @slot Modal default content, default is content prop
                        @binding {(...args): void} close - function to close the component
                    -->
      <!--v-if--><button type="button" class="o-modal__close" aria-label="Close" data-oruga="close" style="display: none;"><span data-oruga="icon" class="o-icon o-icon--medium"><!-- custom icon component --><!-- native css icon --><i class="mdi mdi-close mdi-36px"></i></span></button>
    </div>
  </div>
</transition-stub>
<!--teleport end-->"
`;
